
         /\      Grafana   /‾‾/  
    /\  /  \     |\  __   /  /   
   /  \/    \    | |/ /  /   ‾‾\ 
  /          \   |   (  |  (‾)  |
 / __________ \  |_|\_\  \_____/ 


     execution: local
        script: /Users/katha/Desktop/EliteLabIndividual_Research/testbedForFinApiZTA/microservices-api/psao-artifact/experiments/k6/openloop-ramp.js
        output: csv (/Users/katha/Desktop/EliteLabIndividual_Research/testbedForFinApiZTA/microservices-api/psao-artifact/data/runs/INSITU-2026-09-14-verify-cost/k6_raw.csv)

     scenarios: (100.00%) 1 scenario, 600 max VUs, 3m10s max duration (incl. graceful stop):
              * step_00200: 200.00 iterations/s for 3m0s (maxVUs: 40-600, gracefulStop: 10s)


running (0m01.0s), 001/040 VUs, 198 complete and 0 interrupted iterations
step_00200   [   1% ] 001/040 VUs  0m01.0s/3m0s  200.00 iters/s

running (0m02.0s), 001/040 VUs, 398 complete and 0 interrupted iterations
step_00200   [   1% ] 001/040 VUs  0m02.0s/3m0s  200.00 iters/s

running (0m03.0s), 001/040 VUs, 598 complete and 0 interrupted iterations
step_00200   [   2% ] 001/040 VUs  0m03.0s/3m0s  200.00 iters/s

running (0m04.0s), 001/040 VUs, 798 complete and 0 interrupted iterations
step_00200   [   2% ] 001/040 VUs  0m04.0s/3m0s  200.00 iters/s

running (0m05.0s), 001/040 VUs, 998 complete and 0 interrupted iterations
step_00200   [   3% ] 001/040 VUs  0m05.0s/3m0s  200.00 iters/s

running (0m06.0s), 001/040 VUs, 1198 complete and 0 interrupted iterations
step_00200   [   3% ] 001/040 VUs  0m06.0s/3m0s  200.00 iters/s

running (0m07.0s), 001/040 VUs, 1398 complete and 0 interrupted iterations
step_00200   [   4% ] 001/040 VUs  0m07.0s/3m0s  200.00 iters/s

running (0m08.0s), 001/040 VUs, 1598 complete and 0 interrupted iterations
step_00200   [   4% ] 001/040 VUs  0m08.0s/3m0s  200.00 iters/s

running (0m09.0s), 001/040 VUs, 1798 complete and 0 interrupted iterations
step_00200   [   5% ] 001/040 VUs  0m09.0s/3m0s  200.00 iters/s

running (0m10.0s), 001/040 VUs, 1998 complete and 0 interrupted iterations
step_00200   [   6% ] 001/040 VUs  0m10.0s/3m0s  200.00 iters/s

running (0m11.0s), 001/040 VUs, 2198 complete and 0 interrupted iterations
step_00200   [   6% ] 001/040 VUs  0m11.0s/3m0s  200.00 iters/s

running (0m12.0s), 002/040 VUs, 2397 complete and 0 interrupted iterations
step_00200   [   7% ] 002/040 VUs  0m12.0s/3m0s  200.00 iters/s

running (0m13.0s), 001/040 VUs, 2598 complete and 0 interrupted iterations
step_00200   [   7% ] 001/040 VUs  0m13.0s/3m0s  200.00 iters/s

running (0m14.0s), 001/040 VUs, 2798 complete and 0 interrupted iterations
step_00200   [   8% ] 001/040 VUs  0m14.0s/3m0s  200.00 iters/s

running (0m15.0s), 001/040 VUs, 2998 complete and 0 interrupted iterations
step_00200   [   8% ] 001/040 VUs  0m15.0s/3m0s  200.00 iters/s

running (0m16.0s), 001/040 VUs, 3198 complete and 0 interrupted iterations
step_00200   [   9% ] 001/040 VUs  0m16.0s/3m0s  200.00 iters/s

running (0m17.0s), 001/040 VUs, 3398 complete and 0 interrupted iterations
step_00200   [   9% ] 001/040 VUs  0m17.0s/3m0s  200.00 iters/s

running (0m18.0s), 001/040 VUs, 3598 complete and 0 interrupted iterations
step_00200   [  10% ] 001/040 VUs  0m18.0s/3m0s  200.00 iters/s

running (0m19.0s), 001/040 VUs, 3798 complete and 0 interrupted iterations
step_00200   [  11% ] 001/040 VUs  0m19.0s/3m0s  200.00 iters/s

running (0m20.0s), 001/040 VUs, 3998 complete and 0 interrupted iterations
step_00200   [  11% ] 001/040 VUs  0m20.0s/3m0s  200.00 iters/s

running (0m21.0s), 001/040 VUs, 4198 complete and 0 interrupted iterations
step_00200   [  12% ] 001/040 VUs  0m21.0s/3m0s  200.00 iters/s

running (0m22.0s), 001/040 VUs, 4398 complete and 0 interrupted iterations
step_00200   [  12% ] 001/040 VUs  0m22.0s/3m0s  200.00 iters/s

running (0m23.0s), 001/040 VUs, 4598 complete and 0 interrupted iterations
step_00200   [  13% ] 001/040 VUs  0m23.0s/3m0s  200.00 iters/s

running (0m24.0s), 001/040 VUs, 4798 complete and 0 interrupted iterations
step_00200   [  13% ] 001/040 VUs  0m24.0s/3m0s  200.00 iters/s

running (0m25.0s), 001/040 VUs, 4998 complete and 0 interrupted iterations
step_00200   [  14% ] 001/040 VUs  0m25.0s/3m0s  200.00 iters/s

running (0m26.0s), 001/040 VUs, 5198 complete and 0 interrupted iterations
step_00200   [  14% ] 001/040 VUs  0m26.0s/3m0s  200.00 iters/s

running (0m27.0s), 001/040 VUs, 5398 complete and 0 interrupted iterations
step_00200   [  15% ] 001/040 VUs  0m27.0s/3m0s  200.00 iters/s

running (0m28.0s), 001/040 VUs, 5598 complete and 0 interrupted iterations
step_00200   [  16% ] 001/040 VUs  0m28.0s/3m0s  200.00 iters/s

running (0m29.0s), 001/040 VUs, 5798 complete and 0 interrupted iterations
step_00200   [  16% ] 001/040 VUs  0m29.0s/3m0s  200.00 iters/s

running (0m30.0s), 001/040 VUs, 5998 complete and 0 interrupted iterations
step_00200   [  17% ] 001/040 VUs  0m30.0s/3m0s  200.00 iters/s

running (0m31.0s), 001/040 VUs, 6198 complete and 0 interrupted iterations
step_00200   [  17% ] 001/040 VUs  0m31.0s/3m0s  200.00 iters/s

running (0m32.0s), 001/040 VUs, 6398 complete and 0 interrupted iterations
step_00200   [  18% ] 001/040 VUs  0m32.0s/3m0s  200.00 iters/s

running (0m33.0s), 001/040 VUs, 6598 complete and 0 interrupted iterations
step_00200   [  18% ] 001/040 VUs  0m33.0s/3m0s  200.00 iters/s

running (0m34.0s), 001/040 VUs, 6798 complete and 0 interrupted iterations
step_00200   [  19% ] 001/040 VUs  0m34.0s/3m0s  200.00 iters/s

running (0m35.0s), 002/040 VUs, 6997 complete and 0 interrupted iterations
step_00200   [  19% ] 002/040 VUs  0m35.0s/3m0s  200.00 iters/s

running (0m36.0s), 001/040 VUs, 7198 complete and 0 interrupted iterations
step_00200   [  20% ] 001/040 VUs  0m36.0s/3m0s  200.00 iters/s

running (0m37.0s), 001/040 VUs, 7398 complete and 0 interrupted iterations
step_00200   [  21% ] 001/040 VUs  0m37.0s/3m0s  200.00 iters/s

running (0m38.0s), 001/040 VUs, 7598 complete and 0 interrupted iterations
step_00200   [  21% ] 001/040 VUs  0m38.0s/3m0s  200.00 iters/s

running (0m39.0s), 001/040 VUs, 7798 complete and 0 interrupted iterations
step_00200   [  22% ] 001/040 VUs  0m39.0s/3m0s  200.00 iters/s

running (0m40.0s), 001/040 VUs, 7998 complete and 0 interrupted iterations
step_00200   [  22% ] 001/040 VUs  0m40.0s/3m0s  200.00 iters/s

running (0m41.0s), 001/040 VUs, 8198 complete and 0 interrupted iterations
step_00200   [  23% ] 001/040 VUs  0m41.0s/3m0s  200.00 iters/s

running (0m42.0s), 001/040 VUs, 8398 complete and 0 interrupted iterations
step_00200   [  23% ] 001/040 VUs  0m42.0s/3m0s  200.00 iters/s

running (0m43.0s), 001/040 VUs, 8598 complete and 0 interrupted iterations
step_00200   [  24% ] 001/040 VUs  0m43.0s/3m0s  200.00 iters/s

running (0m44.0s), 001/040 VUs, 8798 complete and 0 interrupted iterations
step_00200   [  24% ] 001/040 VUs  0m44.0s/3m0s  200.00 iters/s

running (0m45.0s), 001/040 VUs, 8998 complete and 0 interrupted iterations
step_00200   [  25% ] 001/040 VUs  0m45.0s/3m0s  200.00 iters/s

running (0m46.0s), 001/040 VUs, 9198 complete and 0 interrupted iterations
step_00200   [  26% ] 001/040 VUs  0m46.0s/3m0s  200.00 iters/s

running (0m47.0s), 001/040 VUs, 9398 complete and 0 interrupted iterations
step_00200   [  26% ] 001/040 VUs  0m47.0s/3m0s  200.00 iters/s

running (0m48.0s), 001/040 VUs, 9598 complete and 0 interrupted iterations
step_00200   [  27% ] 001/040 VUs  0m48.0s/3m0s  200.00 iters/s

running (0m49.0s), 001/040 VUs, 9798 complete and 0 interrupted iterations
step_00200   [  27% ] 001/040 VUs  0m49.0s/3m0s  200.00 iters/s

running (0m50.0s), 001/040 VUs, 9998 complete and 0 interrupted iterations
step_00200   [  28% ] 001/040 VUs  0m50.0s/3m0s  200.00 iters/s

running (0m51.0s), 001/040 VUs, 10198 complete and 0 interrupted iterations
step_00200   [  28% ] 001/040 VUs  0m51.0s/3m0s  200.00 iters/s

running (0m52.0s), 001/040 VUs, 10398 complete and 0 interrupted iterations
step_00200   [  29% ] 001/040 VUs  0m52.0s/3m0s  200.00 iters/s

running (0m53.0s), 001/040 VUs, 10598 complete and 0 interrupted iterations
step_00200   [  29% ] 001/040 VUs  0m53.0s/3m0s  200.00 iters/s

running (0m54.0s), 001/040 VUs, 10798 complete and 0 interrupted iterations
step_00200   [  30% ] 001/040 VUs  0m54.0s/3m0s  200.00 iters/s

running (0m55.0s), 001/040 VUs, 10998 complete and 0 interrupted iterations
step_00200   [  31% ] 001/040 VUs  0m55.0s/3m0s  200.00 iters/s

running (0m56.0s), 001/040 VUs, 11198 complete and 0 interrupted iterations
step_00200   [  31% ] 001/040 VUs  0m56.0s/3m0s  200.00 iters/s

running (0m57.0s), 001/040 VUs, 11398 complete and 0 interrupted iterations
step_00200   [  32% ] 001/040 VUs  0m57.0s/3m0s  200.00 iters/s

running (0m58.0s), 001/040 VUs, 11598 complete and 0 interrupted iterations
step_00200   [  32% ] 001/040 VUs  0m58.0s/3m0s  200.00 iters/s

running (0m59.0s), 001/040 VUs, 11798 complete and 0 interrupted iterations
step_00200   [  33% ] 001/040 VUs  0m59.0s/3m0s  200.00 iters/s

running (1m00.0s), 001/040 VUs, 11998 complete and 0 interrupted iterations
step_00200   [  33% ] 001/040 VUs  1m00.0s/3m0s  200.00 iters/s

running (1m01.0s), 001/040 VUs, 12198 complete and 0 interrupted iterations
step_00200   [  34% ] 001/040 VUs  1m01.0s/3m0s  200.00 iters/s

running (1m02.0s), 001/040 VUs, 12398 complete and 0 interrupted iterations
step_00200   [  34% ] 001/040 VUs  1m02.0s/3m0s  200.00 iters/s

running (1m03.0s), 001/040 VUs, 12598 complete and 0 interrupted iterations
step_00200   [  35% ] 001/040 VUs  1m03.0s/3m0s  200.00 iters/s

running (1m04.0s), 001/040 VUs, 12798 complete and 0 interrupted iterations
step_00200   [  36% ] 001/040 VUs  1m04.0s/3m0s  200.00 iters/s

running (1m05.0s), 001/040 VUs, 12998 complete and 0 interrupted iterations
step_00200   [  36% ] 001/040 VUs  1m05.0s/3m0s  200.00 iters/s

running (1m06.0s), 001/040 VUs, 13198 complete and 0 interrupted iterations
step_00200   [  37% ] 001/040 VUs  1m06.0s/3m0s  200.00 iters/s

running (1m07.0s), 001/040 VUs, 13398 complete and 0 interrupted iterations
step_00200   [  37% ] 001/040 VUs  1m07.0s/3m0s  200.00 iters/s

running (1m08.0s), 001/040 VUs, 13598 complete and 0 interrupted iterations
step_00200   [  38% ] 001/040 VUs  1m08.0s/3m0s  200.00 iters/s

running (1m09.0s), 001/040 VUs, 13798 complete and 0 interrupted iterations
step_00200   [  38% ] 001/040 VUs  1m09.0s/3m0s  200.00 iters/s

running (1m10.0s), 001/040 VUs, 13998 complete and 0 interrupted iterations
step_00200   [  39% ] 001/040 VUs  1m10.0s/3m0s  200.00 iters/s

running (1m11.0s), 001/040 VUs, 14198 complete and 0 interrupted iterations
step_00200   [  39% ] 001/040 VUs  1m11.0s/3m0s  200.00 iters/s

running (1m12.0s), 001/040 VUs, 14397 complete and 0 interrupted iterations
step_00200   [  40% ] 002/040 VUs  1m12.0s/3m0s  200.00 iters/s

running (1m13.0s), 001/040 VUs, 14598 complete and 0 interrupted iterations
step_00200   [  41% ] 001/040 VUs  1m13.0s/3m0s  200.00 iters/s

running (1m14.0s), 001/040 VUs, 14798 complete and 0 interrupted iterations
step_00200   [  41% ] 001/040 VUs  1m14.0s/3m0s  200.00 iters/s

running (1m15.0s), 001/040 VUs, 14998 complete and 0 interrupted iterations
step_00200   [  42% ] 001/040 VUs  1m15.0s/3m0s  200.00 iters/s

running (1m16.0s), 001/040 VUs, 15198 complete and 0 interrupted iterations
step_00200   [  42% ] 001/040 VUs  1m16.0s/3m0s  200.00 iters/s

running (1m17.0s), 001/040 VUs, 15398 complete and 0 interrupted iterations
step_00200   [  43% ] 001/040 VUs  1m17.0s/3m0s  200.00 iters/s

running (1m18.0s), 000/040 VUs, 15596 complete and 0 interrupted iterations
step_00200   [  43% ] 000/040 VUs  1m18.0s/3m0s  200.00 iters/s

running (1m19.0s), 001/040 VUs, 15798 complete and 0 interrupted iterations
step_00200   [  44% ] 001/040 VUs  1m19.0s/3m0s  200.00 iters/s

running (1m20.0s), 001/040 VUs, 15998 complete and 0 interrupted iterations
step_00200   [  44% ] 001/040 VUs  1m20.0s/3m0s  200.00 iters/s

running (1m21.0s), 001/040 VUs, 16198 complete and 0 interrupted iterations
step_00200   [  45% ] 001/040 VUs  1m21.0s/3m0s  200.00 iters/s

running (1m22.0s), 001/040 VUs, 16398 complete and 0 interrupted iterations
step_00200   [  46% ] 001/040 VUs  1m22.0s/3m0s  200.00 iters/s

running (1m23.0s), 001/040 VUs, 16598 complete and 0 interrupted iterations
step_00200   [  46% ] 001/040 VUs  1m23.0s/3m0s  200.00 iters/s

running (1m24.0s), 001/040 VUs, 16798 complete and 0 interrupted iterations
step_00200   [  47% ] 001/040 VUs  1m24.0s/3m0s  200.00 iters/s

running (1m25.0s), 001/040 VUs, 16998 complete and 0 interrupted iterations
step_00200   [  47% ] 001/040 VUs  1m25.0s/3m0s  200.00 iters/s

running (1m26.0s), 001/040 VUs, 17198 complete and 0 interrupted iterations
step_00200   [  48% ] 001/040 VUs  1m26.0s/3m0s  200.00 iters/s

running (1m27.0s), 001/040 VUs, 17398 complete and 0 interrupted iterations
step_00200   [  48% ] 001/040 VUs  1m27.0s/3m0s  200.00 iters/s

running (1m28.0s), 001/040 VUs, 17598 complete and 0 interrupted iterations
step_00200   [  49% ] 001/040 VUs  1m28.0s/3m0s  200.00 iters/s

running (1m29.0s), 001/040 VUs, 17798 complete and 0 interrupted iterations
step_00200   [  49% ] 001/040 VUs  1m29.0s/3m0s  200.00 iters/s

running (1m30.0s), 001/040 VUs, 17998 complete and 0 interrupted iterations
step_00200   [  50% ] 001/040 VUs  1m30.0s/3m0s  200.00 iters/s

running (1m31.0s), 001/040 VUs, 18198 complete and 0 interrupted iterations
step_00200   [  51% ] 001/040 VUs  1m31.0s/3m0s  200.00 iters/s

running (1m32.0s), 001/040 VUs, 18398 complete and 0 interrupted iterations
step_00200   [  51% ] 001/040 VUs  1m32.0s/3m0s  200.00 iters/s

running (1m33.0s), 001/040 VUs, 18598 complete and 0 interrupted iterations
step_00200   [  52% ] 001/040 VUs  1m33.0s/3m0s  200.00 iters/s

running (1m34.0s), 001/040 VUs, 18798 complete and 0 interrupted iterations
step_00200   [  52% ] 001/040 VUs  1m34.0s/3m0s  200.00 iters/s

running (1m35.0s), 001/040 VUs, 18998 complete and 0 interrupted iterations
step_00200   [  53% ] 001/040 VUs  1m35.0s/3m0s  200.00 iters/s

running (1m36.0s), 001/040 VUs, 19198 complete and 0 interrupted iterations
step_00200   [  53% ] 001/040 VUs  1m36.0s/3m0s  200.00 iters/s

running (1m37.0s), 001/040 VUs, 19398 complete and 0 interrupted iterations
step_00200   [  54% ] 001/040 VUs  1m37.0s/3m0s  200.00 iters/s

running (1m38.0s), 001/040 VUs, 19598 complete and 0 interrupted iterations
step_00200   [  54% ] 001/040 VUs  1m38.0s/3m0s  200.00 iters/s

running (1m39.0s), 001/040 VUs, 19798 complete and 0 interrupted iterations
step_00200   [  55% ] 001/040 VUs  1m39.0s/3m0s  200.00 iters/s

running (1m40.0s), 001/040 VUs, 19998 complete and 0 interrupted iterations
step_00200   [  56% ] 001/040 VUs  1m40.0s/3m0s  200.00 iters/s

running (1m41.0s), 001/040 VUs, 20198 complete and 0 interrupted iterations
step_00200   [  56% ] 001/040 VUs  1m41.0s/3m0s  200.00 iters/s

running (1m42.0s), 001/040 VUs, 20398 complete and 0 interrupted iterations
step_00200   [  57% ] 001/040 VUs  1m42.0s/3m0s  200.00 iters/s

running (1m43.0s), 001/040 VUs, 20598 complete and 0 interrupted iterations
step_00200   [  57% ] 001/040 VUs  1m43.0s/3m0s  200.00 iters/s

running (1m44.0s), 001/040 VUs, 20798 complete and 0 interrupted iterations
step_00200   [  58% ] 001/040 VUs  1m44.0s/3m0s  200.00 iters/s

running (1m45.0s), 001/040 VUs, 20998 complete and 0 interrupted iterations
step_00200   [  58% ] 001/040 VUs  1m45.0s/3m0s  200.00 iters/s

running (1m46.0s), 001/040 VUs, 21198 complete and 0 interrupted iterations
step_00200   [  59% ] 001/040 VUs  1m46.0s/3m0s  200.00 iters/s

running (1m47.0s), 001/040 VUs, 21398 complete and 0 interrupted iterations
step_00200   [  59% ] 001/040 VUs  1m47.0s/3m0s  200.00 iters/s

running (1m48.0s), 001/040 VUs, 21598 complete and 0 interrupted iterations
step_00200   [  60% ] 001/040 VUs  1m48.0s/3m0s  200.00 iters/s

running (1m49.0s), 001/040 VUs, 21798 complete and 0 interrupted iterations
step_00200   [  61% ] 001/040 VUs  1m49.0s/3m0s  200.00 iters/s

running (1m50.0s), 001/040 VUs, 21998 complete and 0 interrupted iterations
step_00200   [  61% ] 001/040 VUs  1m50.0s/3m0s  200.00 iters/s

running (1m51.0s), 001/040 VUs, 22198 complete and 0 interrupted iterations
step_00200   [  62% ] 001/040 VUs  1m51.0s/3m0s  200.00 iters/s

running (1m52.0s), 001/040 VUs, 22398 complete and 0 interrupted iterations
step_00200   [  62% ] 001/040 VUs  1m52.0s/3m0s  200.00 iters/s

running (1m53.0s), 001/040 VUs, 22598 complete and 0 interrupted iterations
step_00200   [  63% ] 001/040 VUs  1m53.0s/3m0s  200.00 iters/s

running (1m54.0s), 001/040 VUs, 22798 complete and 0 interrupted iterations
step_00200   [  63% ] 001/040 VUs  1m54.0s/3m0s  200.00 iters/s

running (1m55.0s), 001/040 VUs, 22998 complete and 0 interrupted iterations
step_00200   [  64% ] 001/040 VUs  1m55.0s/3m0s  200.00 iters/s

running (1m56.0s), 001/040 VUs, 23198 complete and 0 interrupted iterations
step_00200   [  64% ] 001/040 VUs  1m56.0s/3m0s  200.00 iters/s

running (1m57.0s), 001/040 VUs, 23398 complete and 0 interrupted iterations
step_00200   [  65% ] 001/040 VUs  1m57.0s/3m0s  200.00 iters/s

running (1m58.0s), 001/040 VUs, 23598 complete and 0 interrupted iterations
step_00200   [  66% ] 001/040 VUs  1m58.0s/3m0s  200.00 iters/s

running (1m59.0s), 001/040 VUs, 23798 complete and 0 interrupted iterations
step_00200   [  66% ] 001/040 VUs  1m59.0s/3m0s  200.00 iters/s

running (2m00.0s), 001/040 VUs, 23998 complete and 0 interrupted iterations
step_00200   [  67% ] 001/040 VUs  2m00.0s/3m0s  200.00 iters/s

running (2m01.0s), 001/040 VUs, 24198 complete and 0 interrupted iterations
step_00200   [  67% ] 001/040 VUs  2m01.0s/3m0s  200.00 iters/s

running (2m02.0s), 001/040 VUs, 24398 complete and 0 interrupted iterations
step_00200   [  68% ] 001/040 VUs  2m02.0s/3m0s  200.00 iters/s

running (2m03.0s), 001/040 VUs, 24598 complete and 0 interrupted iterations
step_00200   [  68% ] 001/040 VUs  2m03.0s/3m0s  200.00 iters/s

running (2m04.0s), 001/040 VUs, 24798 complete and 0 interrupted iterations
step_00200   [  69% ] 001/040 VUs  2m04.0s/3m0s  200.00 iters/s

running (2m05.0s), 000/040 VUs, 24998 complete and 0 interrupted iterations
step_00200   [  69% ] 001/040 VUs  2m05.0s/3m0s  200.00 iters/s

running (2m06.0s), 001/040 VUs, 25198 complete and 0 interrupted iterations
step_00200   [  70% ] 001/040 VUs  2m06.0s/3m0s  200.00 iters/s

running (2m07.0s), 001/040 VUs, 25398 complete and 0 interrupted iterations
step_00200   [  71% ] 001/040 VUs  2m07.0s/3m0s  200.00 iters/s

running (2m08.0s), 001/040 VUs, 25598 complete and 0 interrupted iterations
step_00200   [  71% ] 001/040 VUs  2m08.0s/3m0s  200.00 iters/s

running (2m09.0s), 002/040 VUs, 25797 complete and 0 interrupted iterations
step_00200   [  72% ] 002/040 VUs  2m09.0s/3m0s  200.00 iters/s

running (2m10.0s), 001/040 VUs, 25998 complete and 0 interrupted iterations
step_00200   [  72% ] 001/040 VUs  2m10.0s/3m0s  200.00 iters/s

running (2m11.0s), 001/040 VUs, 26198 complete and 0 interrupted iterations
step_00200   [  73% ] 001/040 VUs  2m11.0s/3m0s  200.00 iters/s

running (2m12.0s), 002/040 VUs, 26397 complete and 0 interrupted iterations
step_00200   [  73% ] 002/040 VUs  2m12.0s/3m0s  200.00 iters/s

running (2m13.0s), 001/040 VUs, 26598 complete and 0 interrupted iterations
step_00200   [  74% ] 001/040 VUs  2m13.0s/3m0s  200.00 iters/s

running (2m14.0s), 001/040 VUs, 26798 complete and 0 interrupted iterations
step_00200   [  74% ] 001/040 VUs  2m14.0s/3m0s  200.00 iters/s

running (2m15.0s), 001/040 VUs, 26998 complete and 0 interrupted iterations
step_00200   [  75% ] 001/040 VUs  2m15.0s/3m0s  200.00 iters/s

running (2m16.0s), 001/040 VUs, 27198 complete and 0 interrupted iterations
step_00200   [  76% ] 001/040 VUs  2m16.0s/3m0s  200.00 iters/s

running (2m17.0s), 001/040 VUs, 27398 complete and 0 interrupted iterations
step_00200   [  76% ] 001/040 VUs  2m17.0s/3m0s  200.00 iters/s

running (2m18.0s), 001/040 VUs, 27598 complete and 0 interrupted iterations
step_00200   [  77% ] 001/040 VUs  2m18.0s/3m0s  200.00 iters/s

running (2m19.0s), 001/040 VUs, 27798 complete and 0 interrupted iterations
step_00200   [  77% ] 001/040 VUs  2m19.0s/3m0s  200.00 iters/s

running (2m20.0s), 001/040 VUs, 27998 complete and 0 interrupted iterations
step_00200   [  78% ] 001/040 VUs  2m20.0s/3m0s  200.00 iters/s

running (2m21.0s), 001/040 VUs, 28198 complete and 0 interrupted iterations
step_00200   [  78% ] 001/040 VUs  2m21.0s/3m0s  200.00 iters/s

running (2m22.0s), 001/040 VUs, 28398 complete and 0 interrupted iterations
step_00200   [  79% ] 001/040 VUs  2m22.0s/3m0s  200.00 iters/s

running (2m23.0s), 001/040 VUs, 28598 complete and 0 interrupted iterations
step_00200   [  79% ] 001/040 VUs  2m23.0s/3m0s  200.00 iters/s

running (2m24.0s), 001/040 VUs, 28798 complete and 0 interrupted iterations
step_00200   [  80% ] 001/040 VUs  2m24.0s/3m0s  200.00 iters/s

running (2m25.0s), 001/040 VUs, 28998 complete and 0 interrupted iterations
step_00200   [  81% ] 001/040 VUs  2m25.0s/3m0s  200.00 iters/s

running (2m26.0s), 001/040 VUs, 29198 complete and 0 interrupted iterations
step_00200   [  81% ] 001/040 VUs  2m26.0s/3m0s  200.00 iters/s

running (2m27.0s), 001/040 VUs, 29398 complete and 0 interrupted iterations
step_00200   [  82% ] 001/040 VUs  2m27.0s/3m0s  200.00 iters/s

running (2m28.0s), 001/040 VUs, 29598 complete and 0 interrupted iterations
step_00200   [  82% ] 001/040 VUs  2m28.0s/3m0s  200.00 iters/s

running (2m29.0s), 001/040 VUs, 29798 complete and 0 interrupted iterations
step_00200   [  83% ] 001/040 VUs  2m29.0s/3m0s  200.00 iters/s

running (2m30.0s), 001/040 VUs, 29998 complete and 0 interrupted iterations
step_00200   [  83% ] 001/040 VUs  2m30.0s/3m0s  200.00 iters/s

running (2m31.0s), 001/040 VUs, 30198 complete and 0 interrupted iterations
step_00200   [  84% ] 001/040 VUs  2m31.0s/3m0s  200.00 iters/s

running (2m32.0s), 001/040 VUs, 30398 complete and 0 interrupted iterations
step_00200   [  84% ] 001/040 VUs  2m32.0s/3m0s  200.00 iters/s

running (2m33.0s), 001/040 VUs, 30598 complete and 0 interrupted iterations
step_00200   [  85% ] 001/040 VUs  2m33.0s/3m0s  200.00 iters/s

running (2m34.0s), 001/040 VUs, 30798 complete and 0 interrupted iterations
step_00200   [  86% ] 001/040 VUs  2m34.0s/3m0s  200.00 iters/s

running (2m35.0s), 001/040 VUs, 30998 complete and 0 interrupted iterations
step_00200   [  86% ] 001/040 VUs  2m35.0s/3m0s  200.00 iters/s

running (2m36.0s), 004/040 VUs, 31195 complete and 0 interrupted iterations
step_00200   [  87% ] 004/040 VUs  2m36.0s/3m0s  200.00 iters/s

running (2m37.0s), 001/040 VUs, 31398 complete and 0 interrupted iterations
step_00200   [  87% ] 001/040 VUs  2m37.0s/3m0s  200.00 iters/s

running (2m38.0s), 001/040 VUs, 31598 complete and 0 interrupted iterations
step_00200   [  88% ] 001/040 VUs  2m38.0s/3m0s  200.00 iters/s

running (2m39.0s), 001/040 VUs, 31798 complete and 0 interrupted iterations
step_00200   [  88% ] 001/040 VUs  2m39.0s/3m0s  200.00 iters/s

running (2m40.0s), 001/040 VUs, 31998 complete and 0 interrupted iterations
step_00200   [  89% ] 001/040 VUs  2m40.0s/3m0s  200.00 iters/s

running (2m41.0s), 001/040 VUs, 32198 complete and 0 interrupted iterations
step_00200   [  89% ] 001/040 VUs  2m41.0s/3m0s  200.00 iters/s

running (2m42.0s), 001/040 VUs, 32398 complete and 0 interrupted iterations
step_00200   [  90% ] 001/040 VUs  2m42.0s/3m0s  200.00 iters/s

running (2m43.0s), 001/040 VUs, 32598 complete and 0 interrupted iterations
step_00200   [  91% ] 001/040 VUs  2m43.0s/3m0s  200.00 iters/s

running (2m44.0s), 001/040 VUs, 32798 complete and 0 interrupted iterations
step_00200   [  91% ] 001/040 VUs  2m44.0s/3m0s  200.00 iters/s

running (2m45.0s), 001/040 VUs, 32998 complete and 0 interrupted iterations
step_00200   [  92% ] 001/040 VUs  2m45.0s/3m0s  200.00 iters/s

running (2m46.0s), 001/040 VUs, 33198 complete and 0 interrupted iterations
step_00200   [  92% ] 001/040 VUs  2m46.0s/3m0s  200.00 iters/s

running (2m47.0s), 001/040 VUs, 33398 complete and 0 interrupted iterations
step_00200   [  93% ] 001/040 VUs  2m47.0s/3m0s  200.00 iters/s

running (2m48.0s), 001/040 VUs, 33598 complete and 0 interrupted iterations
step_00200   [  93% ] 001/040 VUs  2m48.0s/3m0s  200.00 iters/s

running (2m49.0s), 001/040 VUs, 33798 complete and 0 interrupted iterations
step_00200   [  94% ] 001/040 VUs  2m49.0s/3m0s  200.00 iters/s

running (2m50.0s), 001/040 VUs, 33998 complete and 0 interrupted iterations
step_00200   [  94% ] 001/040 VUs  2m50.0s/3m0s  200.00 iters/s

running (2m51.0s), 001/040 VUs, 34198 complete and 0 interrupted iterations
step_00200   [  95% ] 001/040 VUs  2m51.0s/3m0s  200.00 iters/s

running (2m52.0s), 001/040 VUs, 34398 complete and 0 interrupted iterations
step_00200   [  96% ] 001/040 VUs  2m52.0s/3m0s  200.00 iters/s

running (2m53.0s), 001/040 VUs, 34598 complete and 0 interrupted iterations
step_00200   [  96% ] 001/040 VUs  2m53.0s/3m0s  200.00 iters/s

running (2m54.0s), 001/040 VUs, 34798 complete and 0 interrupted iterations
step_00200   [  97% ] 001/040 VUs  2m54.0s/3m0s  200.00 iters/s

running (2m55.0s), 001/040 VUs, 34998 complete and 0 interrupted iterations
step_00200   [  97% ] 001/040 VUs  2m55.0s/3m0s  200.00 iters/s

running (2m56.0s), 001/040 VUs, 35198 complete and 0 interrupted iterations
step_00200   [  98% ] 001/040 VUs  2m56.0s/3m0s  200.00 iters/s

running (2m57.0s), 002/040 VUs, 35397 complete and 0 interrupted iterations
step_00200   [  98% ] 002/040 VUs  2m57.0s/3m0s  200.00 iters/s

running (2m58.0s), 001/040 VUs, 35598 complete and 0 interrupted iterations
step_00200   [  99% ] 001/040 VUs  2m58.0s/3m0s  200.00 iters/s

running (2m59.0s), 001/040 VUs, 35798 complete and 0 interrupted iterations
step_00200   [  99% ] 001/040 VUs  2m59.0s/3m0s  200.00 iters/s

running (3m00.0s), 001/040 VUs, 35998 complete and 0 interrupted iterations
step_00200   [ 100% ] 001/040 VUs  3m00.0s/3m0s  200.00 iters/s

open-loop ramp: 1 steps, 200..200 rps in 200 rps steps of 3m
dropped_iterations = 0
wrote /Users/katha/Desktop/EliteLabIndividual_Research/testbedForFinApiZTA/microservices-api/psao-artifact/data/runs/INSITU-2026-09-14-verify-cost/k6_steps.csv

running (3m00.0s), 000/040 VUs, 36001 complete and 0 interrupted iterations
step_00200 ✓ [ 100% ] 000/040 VUs  3m0s  200.00 iters/s
